// Jest Snapshot v1, https://goo.gl/fbAQLP

exports[`The API server can filter tasks by collection 1`] = `
Object {
  "value": Array [
    Object {
      "collection": Object {
        "id": 42,
        "title": null,
      },
      "dueDate": null,
      "dueTime": null,
      "id": 42,
      "isDeletable": false,
      "isPlannedForMyDay": false,
      "isUpdatable": false,
      "priority": null,
      "status": Object {
        "code": "D",
        "name": "done",
      },
      "title": "What is the meaning of life?",
    },
  ],
}
`;

exports[`The API server can read a single task by ID 1`] = `
Object {
  "collection": Object {
    "id": 1,
    "title": "My Tasks",
  },
  "dueDate": "2021-05-31",
  "dueTime": null,
  "id": 1,
  "isDeletable": true,
  "isPlannedForMyDay": false,
  "isUpdatable": true,
  "priority": Object {
    "code": 5,
    "name": "low",
  },
  "status": Object {
    "code": "O",
    "name": "open",
  },
  "title": "Tax declaration",
}
`;
